src/br/unicamp/ic/sed/mobilemedia/mainuimidlet_media/impl/IManager.java
src/br/unicamp/ic/sed/mobilemedia/mainuimidlet_media/impl/ComponentFactory.java
src/br/unicamp/ic/sed/mobilemedia/mainuimidlet_media/impl/Manager.java
src/br/unicamp/ic/sed/mobilemedia/mainuimidlet_media/impl/IMobileResourcesAdapter.java
src/br/unicamp/ic/sed/mobilemedia/sms/spec/dt/Constants.java
src/br/unicamp/ic/sed/mobilemedia/sms/spec/req/IFilesystem.java
src/br/unicamp/ic/sed/mobilemedia/sms/spec/req/IMobileResources.java
src/br/unicamp/ic/sed/mobilemedia/sms/spec/req/IPhoto.java
src/br/unicamp/ic/sed/mobilemedia/sms/spec/req/IExceptionHandler.java
src/br/unicamp/ic/sed/mobilemedia/sms/spec/req/IMedia.java
src/br/unicamp/ic/sed/mobilemedia/sms/spec/excep/PersistenceMechanismException.java
src/br/unicamp/ic/sed/mobilemedia/sms/spec/excep/MediaNotFoundException.java
src/br/unicamp/ic/sed/mobilemedia/sms/spec/excep/NullAlbumDataReference.java
src/br/unicamp/ic/sed/mobilemedia/sms/spec/prov/IManager.java
src/br/unicamp/ic/sed/mobilemedia/sms/spec/prov/ISms.java
src/br/unicamp/ic/sed/mobilemedia/sms/impl/ScreenSingleton.java
src/br/unicamp/ic/sed/mobilemedia/sms/impl/AbstractController.java
src/br/unicamp/ic/sed/mobilemedia/sms/impl/BaseMessaging.java
src/br/unicamp/ic/sed/mobilemedia/sms/impl/SmsReceiverThread.java
src/br/unicamp/ic/sed/mobilemedia/sms/impl/SmsMessaging.java
src/br/unicamp/ic/sed/mobilemedia/sms/impl/SmsReceiverController.java
src/br/unicamp/ic/sed/mobilemedia/sms/impl/ISmsFacade.java
src/br/unicamp/ic/sed/mobilemedia/sms/impl/SmsSenderController.java
src/br/unicamp/ic/sed/mobilemedia/sms/impl/ComponentFactory.java
src/br/unicamp/ic/sed/mobilemedia/sms/impl/Manager.java
src/br/unicamp/ic/sed/mobilemedia/sms/impl/SmsSenderThread.java
src/br/unicamp/ic/sed/mobilemedia/sms/impl/NetworkScreen.java
src/br/unicamp/ic/sed/mobilemedia/filesystemmgr_video/impl/IManager.java
src/br/unicamp/ic/sed/mobilemedia/filesystemmgr_video/impl/IAdapterFilesystemVideo.java
src/br/unicamp/ic/sed/mobilemedia/filesystemmgr_video/impl/ComponentFactory.java
src/br/unicamp/ic/sed/mobilemedia/filesystemmgr_video/impl/Manager.java
src/br/unicamp/ic/sed/mobilemedia/media_photo/IManager.java
src/br/unicamp/ic/sed/mobilemedia/media_photo/IAdapterMediaPhoto.java
src/br/unicamp/ic/sed/mobilemedia/media_photo/IAdapterPhotoMedia.java
src/br/unicamp/ic/sed/mobilemedia/media_photo/ComponentFactory.java
src/br/unicamp/ic/sed/mobilemedia/media_photo/Manager.java
src/br/unicamp/ic/sed/mobilemedia/sms_photo/impl/IManager.java
src/br/unicamp/ic/sed/mobilemedia/sms_photo/impl/ComponentFactory.java
src/br/unicamp/ic/sed/mobilemedia/sms_photo/impl/Manager.java
src/br/unicamp/ic/sed/mobilemedia/sms_photo/impl/IAdapterSmsPhoto.java
src/br/unicamp/ic/sed/mobilemedia/sms_photo/impl/IAdapterPhotoSms.java
src/br/unicamp/ic/sed/mobilemedia/mainuimidlet_music/impl/IManager.java
src/br/unicamp/ic/sed/mobilemedia/mainuimidlet_music/impl/ComponentFactory.java
src/br/unicamp/ic/sed/mobilemedia/mainuimidlet_music/impl/Manager.java
src/br/unicamp/ic/sed/mobilemedia/mainuimidlet_music/impl/IMobileResourcesAdapter.java
src/br/unicamp/ic/sed/mobilemedia/album_exceptionhandler/impl/IAdapterAlbumEH.java
src/br/unicamp/ic/sed/mobilemedia/album_exceptionhandler/impl/IManager.java
src/br/unicamp/ic/sed/mobilemedia/album_exceptionhandler/impl/ComponentFactory.java
src/br/unicamp/ic/sed/mobilemedia/album_exceptionhandler/impl/Manager.java
src/br/unicamp/ic/sed/mobilemedia/mainuimidlet_video/impl/IManager.java
src/br/unicamp/ic/sed/mobilemedia/mainuimidlet_video/impl/ComponentFactory.java
src/br/unicamp/ic/sed/mobilemedia/mainuimidlet_video/impl/Manager.java
src/br/unicamp/ic/sed/mobilemedia/mainuimidlet_video/impl/IMobileResourcesAdapter.java
src/br/unicamp/ic/sed/mobilemedia/filesystemmgr_photo/impl/IAdapterFilesystemPhoto.java
src/br/unicamp/ic/sed/mobilemedia/filesystemmgr_photo/impl/IManager.java
src/br/unicamp/ic/sed/mobilemedia/filesystemmgr_photo/impl/ComponentFactory.java
src/br/unicamp/ic/sed/mobilemedia/filesystemmgr_photo/impl/Manager.java
src/br/unicamp/ic/sed/mobilemedia/mainuimidlet_sms/impl/IManager.java
src/br/unicamp/ic/sed/mobilemedia/mainuimidlet_sms/impl/ComponentFactory.java
src/br/unicamp/ic/sed/mobilemedia/mainuimidlet_sms/impl/Manager.java
src/br/unicamp/ic/sed/mobilemedia/mainuimidlet_sms/impl/IMobileResourcesAdapter.java
src/br/unicamp/ic/sed/mobilemedia/main/spec/prov/ControllerInterface.java
src/br/unicamp/ic/sed/mobilemedia/main/spec/prov/IMediaData.java
src/br/unicamp/ic/sed/mobilemedia/main/spec/prov/IMobileResources.java
src/br/unicamp/ic/sed/mobilemedia/main/impl/MainUIMidlet.java
src/br/unicamp/ic/sed/mobilemedia/sms_filesystem/impl/IManager.java
src/br/unicamp/ic/sed/mobilemedia/sms_filesystem/impl/IAdapterFilesystemSms.java
src/br/unicamp/ic/sed/mobilemedia/sms_filesystem/impl/ComponentFactory.java
src/br/unicamp/ic/sed/mobilemedia/sms_filesystem/impl/Manager.java
src/br/unicamp/ic/sed/mobilemedia/sms_exceptionhandler/impl/IManager.java
src/br/unicamp/ic/sed/mobilemedia/sms_exceptionhandler/impl/IAdapterExceptionHandlerSms.java
src/br/unicamp/ic/sed/mobilemedia/sms_exceptionhandler/impl/ComponentFactory.java
src/br/unicamp/ic/sed/mobilemedia/sms_exceptionhandler/impl/Manager.java
src/br/unicamp/ic/sed/mobilemedia/filesystemmgr_album/impl/IManager.java
src/br/unicamp/ic/sed/mobilemedia/filesystemmgr_album/impl/ComponentFactory.java
src/br/unicamp/ic/sed/mobilemedia/filesystemmgr_album/impl/Manager.java
src/br/unicamp/ic/sed/mobilemedia/filesystemmgr_album/impl/IAdapterFilesystemAlbum.java
src/br/unicamp/ic/sed/mobilemedia/mainuimidlet_exceptionhandler/impl/IManager.java
src/br/unicamp/ic/sed/mobilemedia/mainuimidlet_exceptionhandler/impl/ComponentFactory.java
src/br/unicamp/ic/sed/mobilemedia/mainuimidlet_exceptionhandler/impl/Manager.java
src/br/unicamp/ic/sed/mobilemedia/mainuimidlet_exceptionhandler/impl/IMobileResourcesAdapter.java
src/br/unicamp/ic/sed/mobilemedia/media/spec/dt/Constants.java
src/br/unicamp/ic/sed/mobilemedia/media/spec/req/IAlbum.java
src/br/unicamp/ic/sed/mobilemedia/media/spec/req/IFilesystem.java
src/br/unicamp/ic/sed/mobilemedia/media/spec/req/IMobileResources.java
src/br/unicamp/ic/sed/mobilemedia/media/spec/req/IPhoto.java
src/br/unicamp/ic/sed/mobilemedia/media/spec/req/IVideo.java
src/br/unicamp/ic/sed/mobilemedia/media/spec/req/IExceptionHandler.java
src/br/unicamp/ic/sed/mobilemedia/media/spec/req/IMusic.java
src/br/unicamp/ic/sed/mobilemedia/media/spec/excep/UnavailablePhotoAlbumException.java
src/br/unicamp/ic/sed/mobilemedia/media/spec/excep/PersistenceMechanismException.java
src/br/unicamp/ic/sed/mobilemedia/media/spec/excep/MediaNotFoundException.java
src/br/unicamp/ic/sed/mobilemedia/media/spec/excep/ImageNotFoundException.java
src/br/unicamp/ic/sed/mobilemedia/media/spec/excep/NullAlbumDataReference.java
src/br/unicamp/ic/sed/mobilemedia/media/spec/excep/InvalidImageDataException.java
src/br/unicamp/ic/sed/mobilemedia/media/spec/prov/IManager.java
src/br/unicamp/ic/sed/mobilemedia/media/spec/prov/IMedia.java
src/br/unicamp/ic/sed/mobilemedia/media/impl/ScreenSingleton.java
src/br/unicamp/ic/sed/mobilemedia/media/impl/MediaListController.java
src/br/unicamp/ic/sed/mobilemedia/media/impl/ControllerInterface.java
src/br/unicamp/ic/sed/mobilemedia/media/impl/AbstractController.java
src/br/unicamp/ic/sed/mobilemedia/media/impl/NewLabelScreen.java
src/br/unicamp/ic/sed/mobilemedia/media/impl/IMediaFacade.java
src/br/unicamp/ic/sed/mobilemedia/media/impl/MediaListScreen.java
src/br/unicamp/ic/sed/mobilemedia/media/impl/MediaMainController.java
src/br/unicamp/ic/sed/mobilemedia/media/impl/ComponentFactory.java
src/br/unicamp/ic/sed/mobilemedia/media/impl/AddMediaToAlbum.java
src/br/unicamp/ic/sed/mobilemedia/media/impl/Manager.java
src/br/unicamp/ic/sed/mobilemedia/media/impl/MediaController.java
src/br/unicamp/ic/sed/mobilemedia/album/spec/dt/Constants.java
src/br/unicamp/ic/sed/mobilemedia/album/spec/req/IFilesystem.java
src/br/unicamp/ic/sed/mobilemedia/album/spec/req/IMobileResources.java
src/br/unicamp/ic/sed/mobilemedia/album/spec/req/IExceptionHandler.java
src/br/unicamp/ic/sed/mobilemedia/album/spec/req/IMedia.java
src/br/unicamp/ic/sed/mobilemedia/album/spec/excep/PersistenceMechanismException.java
src/br/unicamp/ic/sed/mobilemedia/album/spec/excep/MediaNotFoundException.java
src/br/unicamp/ic/sed/mobilemedia/album/spec/excep/InvalidPhotoAlbumNameException.java
src/br/unicamp/ic/sed/mobilemedia/album/spec/prov/IManager.java
src/br/unicamp/ic/sed/mobilemedia/album/spec/prov/IAlbum.java
src/br/unicamp/ic/sed/mobilemedia/album/impl/ScreenSingleton.java
src/br/unicamp/ic/sed/mobilemedia/album/impl/BaseController.java
src/br/unicamp/ic/sed/mobilemedia/album/impl/SelectMediaController.java
src/br/unicamp/ic/sed/mobilemedia/album/impl/ControllerInterface.java
src/br/unicamp/ic/sed/mobilemedia/album/impl/AbstractController.java
src/br/unicamp/ic/sed/mobilemedia/album/impl/AlbumListScreen.java
src/br/unicamp/ic/sed/mobilemedia/album/impl/NewAlbumScreen.java
src/br/unicamp/ic/sed/mobilemedia/album/impl/AlbumController.java
src/br/unicamp/ic/sed/mobilemedia/album/impl/Handler.java
src/br/unicamp/ic/sed/mobilemedia/album/impl/ComponentFactory.java
src/br/unicamp/ic/sed/mobilemedia/album/impl/Manager.java
src/br/unicamp/ic/sed/mobilemedia/album/impl/IAlbumFacade.java
src/br/unicamp/ic/sed/mobilemedia/album/impl/SelectTypeOfMedia.java
src/br/unicamp/ic/sed/mobilemedia/video_exceptionhandler/impl/IAdapterVideoEH.java
src/br/unicamp/ic/sed/mobilemedia/video_exceptionhandler/impl/IManager.java
src/br/unicamp/ic/sed/mobilemedia/video_exceptionhandler/impl/ComponentFactory.java
src/br/unicamp/ic/sed/mobilemedia/video_exceptionhandler/impl/Manager.java
src/br/unicamp/ic/sed/mobilemedia/mainuimidlet_album/impl/IManager.java
src/br/unicamp/ic/sed/mobilemedia/mainuimidlet_album/impl/ComponentFactory.java
src/br/unicamp/ic/sed/mobilemedia/mainuimidlet_album/impl/Manager.java
src/br/unicamp/ic/sed/mobilemedia/mainuimidlet_album/impl/IMobileResourcesAdapter.java
src/br/unicamp/ic/sed/mobilemedia/filesystemmgr/spec/dt/MediaData.java
src/br/unicamp/ic/sed/mobilemedia/filesystemmgr/spec/dt/MultiMediaData.java
src/br/unicamp/ic/sed/mobilemedia/filesystemmgr/spec/dt/Constants.java
src/br/unicamp/ic/sed/mobilemedia/filesystemmgr/spec/excep/InvalidImageFormatException.java
src/br/unicamp/ic/sed/mobilemedia/filesystemmgr/spec/excep/UnavailablePhotoAlbumException.java
src/br/unicamp/ic/sed/mobilemedia/filesystemmgr/spec/excep/InvalidArrayFormatException.java
src/br/unicamp/ic/sed/mobilemedia/filesystemmgr/spec/excep/PersistenceMechanismException.java
src/br/unicamp/ic/sed/mobilemedia/filesystemmgr/spec/excep/MediaNotFoundException.java
src/br/unicamp/ic/sed/mobilemedia/filesystemmgr/spec/excep/ImageNotFoundException.java
src/br/unicamp/ic/sed/mobilemedia/filesystemmgr/spec/excep/NullAlbumDataReference.java
src/br/unicamp/ic/sed/mobilemedia/filesystemmgr/spec/excep/InvalidImageDataException.java
src/br/unicamp/ic/sed/mobilemedia/filesystemmgr/spec/excep/ImagePathNotValidException.java
src/br/unicamp/ic/sed/mobilemedia/filesystemmgr/spec/excep/InvalidPhotoAlbumNameException.java
src/br/unicamp/ic/sed/mobilemedia/filesystemmgr/spec/prov/IManager.java
src/br/unicamp/ic/sed/mobilemedia/filesystemmgr/spec/prov/IFilesystem.java
src/br/unicamp/ic/sed/mobilemedia/filesystemmgr/impl/VideoAlbumData.java
src/br/unicamp/ic/sed/mobilemedia/filesystemmgr/impl/ImageMediaAccessor.java
src/br/unicamp/ic/sed/mobilemedia/filesystemmgr/impl/VideoMediaAccessor.java
src/br/unicamp/ic/sed/mobilemedia/filesystemmgr/impl/IFileSystemFacade.java
src/br/unicamp/ic/sed/mobilemedia/filesystemmgr/impl/MusicAlbumData.java
src/br/unicamp/ic/sed/mobilemedia/filesystemmgr/impl/MediaAccessor.java
src/br/unicamp/ic/sed/mobilemedia/filesystemmgr/impl/MediaUtil.java
src/br/unicamp/ic/sed/mobilemedia/filesystemmgr/impl/ImageAlbumData.java
src/br/unicamp/ic/sed/mobilemedia/filesystemmgr/impl/ComponentFactory.java
src/br/unicamp/ic/sed/mobilemedia/filesystemmgr/impl/MusicMediaAccessor.java
src/br/unicamp/ic/sed/mobilemedia/filesystemmgr/impl/AlbumData.java
src/br/unicamp/ic/sed/mobilemedia/filesystemmgr/impl/Manager.java
src/br/unicamp/ic/sed/mobilemedia/sms_media/impl/IAdapterMediaSms.java
src/br/unicamp/ic/sed/mobilemedia/sms_media/impl/IManager.java
src/br/unicamp/ic/sed/mobilemedia/sms_media/impl/ComponentFactory.java
src/br/unicamp/ic/sed/mobilemedia/sms_media/impl/Manager.java
src/br/unicamp/ic/sed/mobilemedia/media_video/impl/AdapterMediaVideo.java
src/br/unicamp/ic/sed/mobilemedia/media_video/impl/IManager.java
src/br/unicamp/ic/sed/mobilemedia/media_video/impl/AdapterVideoMedia.java
src/br/unicamp/ic/sed/mobilemedia/media_video/impl/ComponentFactory.java
src/br/unicamp/ic/sed/mobilemedia/media_video/impl/Manager.java
src/br/unicamp/ic/sed/mobilemedia/photo/spec/dt/Constants.java
src/br/unicamp/ic/sed/mobilemedia/photo/spec/req/IFilesystem.java
src/br/unicamp/ic/sed/mobilemedia/photo/spec/req/IMobileResources.java
src/br/unicamp/ic/sed/mobilemedia/photo/spec/req/IExceptionHandler.java
src/br/unicamp/ic/sed/mobilemedia/photo/spec/req/ISms.java
src/br/unicamp/ic/sed/mobilemedia/photo/spec/req/IMedia.java
src/br/unicamp/ic/sed/mobilemedia/photo/spec/excep/PersistenceMechanismException.java
src/br/unicamp/ic/sed/mobilemedia/photo/spec/excep/MediaNotFoundException.java
src/br/unicamp/ic/sed/mobilemedia/photo/spec/excep/ImageNotFoundException.java
src/br/unicamp/ic/sed/mobilemedia/photo/spec/excep/NullAlbumDataReference.java
src/br/unicamp/ic/sed/mobilemedia/photo/spec/excep/InvalidImageDataException.java
src/br/unicamp/ic/sed/mobilemedia/photo/spec/prov/IManager.java
src/br/unicamp/ic/sed/mobilemedia/photo/spec/prov/IPhoto.java
src/br/unicamp/ic/sed/mobilemedia/photo/impl/ScreenSingleton.java
src/br/unicamp/ic/sed/mobilemedia/photo/impl/PhotoViewController.java
src/br/unicamp/ic/sed/mobilemedia/photo/impl/AbstractController.java
src/br/unicamp/ic/sed/mobilemedia/photo/impl/CaptureVideoScreen.java
src/br/unicamp/ic/sed/mobilemedia/photo/impl/IPhotoFacade.java
src/br/unicamp/ic/sed/mobilemedia/photo/impl/Handler.java
src/br/unicamp/ic/sed/mobilemedia/photo/impl/ComponentFactory.java
src/br/unicamp/ic/sed/mobilemedia/photo/impl/PhotoViewScreen.java
src/br/unicamp/ic/sed/mobilemedia/photo/impl/Manager.java
src/br/unicamp/ic/sed/mobilemedia/photo/impl/PhotoController.java
src/br/unicamp/ic/sed/mobilemedia/filesystemmgr_media/impl/IManager.java
src/br/unicamp/ic/sed/mobilemedia/filesystemmgr_media/impl/ComponentFactory.java
src/br/unicamp/ic/sed/mobilemedia/filesystemmgr_media/impl/IAdapterFilesystemMedia.java
src/br/unicamp/ic/sed/mobilemedia/filesystemmgr_media/impl/Manager.java
src/br/unicamp/ic/sed/mobilemedia/mainuimidlet_photo/impl/IManager.java
src/br/unicamp/ic/sed/mobilemedia/mainuimidlet_photo/impl/ComponentFactory.java
src/br/unicamp/ic/sed/mobilemedia/mainuimidlet_photo/impl/Manager.java
src/br/unicamp/ic/sed/mobilemedia/mainuimidlet_photo/impl/IMobileResourcesAdapter.java
src/br/unicamp/ic/sed/mobilemedia/photo_exceptionhandler/impl/IManager.java
src/br/unicamp/ic/sed/mobilemedia/photo_exceptionhandler/impl/ComponentFactory.java
src/br/unicamp/ic/sed/mobilemedia/photo_exceptionhandler/impl/Manager.java
src/br/unicamp/ic/sed/mobilemedia/photo_exceptionhandler/impl/IAdapterPhotoEH.java
src/br/unicamp/ic/sed/mobilemedia/video/spec/dt/Constants.java
src/br/unicamp/ic/sed/mobilemedia/video/spec/req/IFilesystem.java
src/br/unicamp/ic/sed/mobilemedia/video/spec/req/IMobileResources.java
src/br/unicamp/ic/sed/mobilemedia/video/spec/req/IExceptionHandler.java
src/br/unicamp/ic/sed/mobilemedia/video/spec/req/IMedia.java
src/br/unicamp/ic/sed/mobilemedia/video/spec/excep/UnavailablePhotoAlbumException.java
src/br/unicamp/ic/sed/mobilemedia/video/spec/excep/PersistenceMechanismException.java
src/br/unicamp/ic/sed/mobilemedia/video/spec/excep/MediaNotFoundException.java
src/br/unicamp/ic/sed/mobilemedia/video/spec/excep/NullAlbumDataReference.java
src/br/unicamp/ic/sed/mobilemedia/video/spec/excep/InvalidImageDataException.java
src/br/unicamp/ic/sed/mobilemedia/video/spec/prov/IManager.java
src/br/unicamp/ic/sed/mobilemedia/video/spec/prov/IVideo.java
src/br/unicamp/ic/sed/mobilemedia/video/impl/ScreenSingleton.java
src/br/unicamp/ic/sed/mobilemedia/video/impl/AbstractController.java
src/br/unicamp/ic/sed/mobilemedia/video/impl/PlayVideoController.java
src/br/unicamp/ic/sed/mobilemedia/video/impl/CaptureVideoScreen.java
src/br/unicamp/ic/sed/mobilemedia/video/impl/VideoCaptureController.java
src/br/unicamp/ic/sed/mobilemedia/video/impl/Handler.java
src/br/unicamp/ic/sed/mobilemedia/video/impl/ComponentFactory.java
src/br/unicamp/ic/sed/mobilemedia/video/impl/PlayVideoScreen.java
src/br/unicamp/ic/sed/mobilemedia/video/impl/Manager.java
src/br/unicamp/ic/sed/mobilemedia/video/impl/IVideoFacade.java
src/br/unicamp/ic/sed/mobilemedia/exceptionhandler_media/impl/IManager.java
src/br/unicamp/ic/sed/mobilemedia/exceptionhandler_media/impl/ComponentFactory.java
src/br/unicamp/ic/sed/mobilemedia/exceptionhandler_media/impl/Manager.java
src/br/unicamp/ic/sed/mobilemedia/exceptionhandler_media/impl/IAdapterMediaEH.java
src/br/unicamp/ic/sed/mobilemedia/filesystemmgr_music/impl/IManager.java
src/br/unicamp/ic/sed/mobilemedia/filesystemmgr_music/impl/IAdapterFilesystemMusic.java
src/br/unicamp/ic/sed/mobilemedia/filesystemmgr_music/impl/ComponentFactory.java
src/br/unicamp/ic/sed/mobilemedia/filesystemmgr_music/impl/Manager.java
src/br/unicamp/ic/sed/mobilemedia/media_music/impl/IManager.java
src/br/unicamp/ic/sed/mobilemedia/media_music/impl/IAdapterMediaMusic.java
src/br/unicamp/ic/sed/mobilemedia/media_music/impl/ComponentFactory.java
src/br/unicamp/ic/sed/mobilemedia/media_music/impl/IAdapterMusicMedia.java
src/br/unicamp/ic/sed/mobilemedia/media_music/impl/Manager.java
src/br/unicamp/ic/sed/mobilemedia/exceptionhandler/spec/req/IMobileResources.java
src/br/unicamp/ic/sed/mobilemedia/exceptionhandler/spec/prov/IManager.java
src/br/unicamp/ic/sed/mobilemedia/exceptionhandler/spec/prov/IExceptionHandler.java
src/br/unicamp/ic/sed/mobilemedia/exceptionhandler/impl/WarningExceptionHandler.java
src/br/unicamp/ic/sed/mobilemedia/exceptionhandler/impl/IExceptionHandlerFacade.java
src/br/unicamp/ic/sed/mobilemedia/exceptionhandler/impl/ComponentFactory.java
src/br/unicamp/ic/sed/mobilemedia/exceptionhandler/impl/Manager.java
src/br/unicamp/ic/sed/mobilemedia/music/spec/dt/Constants.java
src/br/unicamp/ic/sed/mobilemedia/music/spec/req/IFilesystem.java
src/br/unicamp/ic/sed/mobilemedia/music/spec/req/IMobileResources.java
src/br/unicamp/ic/sed/mobilemedia/music/spec/req/IExceptionHandler.java
src/br/unicamp/ic/sed/mobilemedia/music/spec/req/IMedia.java
src/br/unicamp/ic/sed/mobilemedia/music/spec/excep/PersistenceMechanismException.java
src/br/unicamp/ic/sed/mobilemedia/music/spec/excep/MediaNotFoundException.java
src/br/unicamp/ic/sed/mobilemedia/music/spec/excep/NullAlbumDataReference.java
src/br/unicamp/ic/sed/mobilemedia/music/spec/excep/InvalidImageDataException.java
src/br/unicamp/ic/sed/mobilemedia/music/spec/prov/IManager.java
src/br/unicamp/ic/sed/mobilemedia/music/spec/prov/IMusic.java
src/br/unicamp/ic/sed/mobilemedia/music/impl/ScreenSingleton.java
src/br/unicamp/ic/sed/mobilemedia/music/impl/AbstractController.java
src/br/unicamp/ic/sed/mobilemedia/music/impl/MusicPlayController.java
src/br/unicamp/ic/sed/mobilemedia/music/impl/MusicController.java
src/br/unicamp/ic/sed/mobilemedia/music/impl/IMusicFacade.java
src/br/unicamp/ic/sed/mobilemedia/music/impl/PlayMediaScreen.java
src/br/unicamp/ic/sed/mobilemedia/music/impl/Handler.java
src/br/unicamp/ic/sed/mobilemedia/music/impl/ComponentFactory.java
src/br/unicamp/ic/sed/mobilemedia/music/impl/Manager.java
src/br/unicamp/ic/sed/mobilemedia/music_exceptionhandler/impl/IManager.java
src/br/unicamp/ic/sed/mobilemedia/music_exceptionhandler/impl/ComponentFactory.java
src/br/unicamp/ic/sed/mobilemedia/music_exceptionhandler/impl/Manager.java
src/br/unicamp/ic/sed/mobilemedia/music_exceptionhandler/impl/IAdapterMusicEH.java
src/br/unicamp/ic/sed/mobilemedia/media_album/impl/IManager.java
src/br/unicamp/ic/sed/mobilemedia/media_album/impl/IAdapterMediaAlbum.java
src/br/unicamp/ic/sed/mobilemedia/media_album/impl/ComponentFactory.java
src/br/unicamp/ic/sed/mobilemedia/media_album/impl/Manager.java
src/br/unicamp/ic/sed/mobilemedia/media_album/impl/IAdapterAlbumMedia.java
